# Expected substrings for `python -m medvllm.cli examples`
Quick examples
inference ner
model list
